tcpServer.c:112:6:tcpServerTask	240	static
tcpServer.c:281:6:print_hex	24	static
tcpServer.c:290:6:wifiClientTask	40	static
tcpServer.c:380:6:wifi_uart_send	16	static
tcpServer.c:385:6:at_reset_send	8	static
tcpServer.c:390:6:at_cwmode_get_send	8	static
tcpServer.c:395:6:at_cwmode_set_send	8	static
tcpServer.c:400:6:at_cipmode_get_send	8	static
tcpServer.c:405:6:at_cipmode_set_send	8	static
tcpServer.c:410:6:at_cifsr_send	8	static
tcpServer.c:416:6:at_cipstatus_send	8	static
tcpServer.c:421:6:at_cwjap_send	8	static
tcpServer.c:427:6:at_cipstart_send	8	static
tcpServer.c:434:6:at_cipsend_send	8	static
tcpServer.c:439:6:at_cipsendip_send	8	static
tcpServer.c:444:6:at_plus3_send	8	static
tcpServer.c:449:6:at_modbus_send_data	8	static
tcpServer.c:455:6:wifi_at_send	8	static
tcpServer.c:519:16:str_cmp	32	static
tcpServer.c:544:16:str_cmp2	32	static
tcpServer.c:569:16:string_compare	32	static
tcpServer.c:601:9:at_cwmode_get_proc	32	static
tcpServer.c:618:9:at_cipmode_get_proc	32	static
tcpServer.c:634:9:at_cifsr_proc	32	static
tcpServer.c:654:9:at_cipstatus_proc	32	static
tcpServer.c:672:9:at_cipsend_proc	32	static
tcpServer.c:689:6:at_modbus_recv_data	24	static
tcpServer.c:702:6:wifi_at_proc	24	static
